// Vitest Snapshot v1, https://vitest.dev/guide/snapshot.html

exports[`Game Body > renders properly 1`] = `
{
  "asFragment": [Function],
  "baseElement": <body>
    <div>
      <div
        class="game-container"
      >
        <nav
          class="navbar navbar-dark bg-primary game-container__header fixed-top"
        >
          <div
            class="container"
          >
            <div
              class="d-flex justify-content-center align-items-center flex-grow-1"
            >
              <h3
                class="game-container__header__title mb-0"
                data-testid="header-title"
              >
                nav.title
              </h3>
            </div>
            <div
              class="game-container__header__counters text-white"
            >
              <span
                class="badge badge-pill badge-success"
                data-testid="success-count"
              >
                nav.success
              </span>
              <span
                class="badge badge-pill badge-danger"
                data-testid="error-count"
              >
                nav.error
              </span>
            </div>
          </div>
        </nav>
        <div
          class="container game-container__body"
          data-testid="game-container-body"
        />
        <div
          class="container notification"
        />
      </div>
    </div>
  </body>,
  "container": <div>
    <div
      class="game-container"
    >
      <nav
        class="navbar navbar-dark bg-primary game-container__header fixed-top"
      >
        <div
          class="container"
        >
          <div
            class="d-flex justify-content-center align-items-center flex-grow-1"
          >
            <h3
              class="game-container__header__title mb-0"
              data-testid="header-title"
            >
              nav.title
            </h3>
          </div>
          <div
            class="game-container__header__counters text-white"
          >
            <span
              class="badge badge-pill badge-success"
              data-testid="success-count"
            >
              nav.success
            </span>
            <span
              class="badge badge-pill badge-danger"
              data-testid="error-count"
            >
              nav.error
            </span>
          </div>
        </div>
      </nav>
      <div
        class="container game-container__body"
        data-testid="game-container-body"
      />
      <div
        class="container notification"
      />
    </div>
  </div>,
  "debug": [Function],
  "findAllByAltText": [Function],
  "findAllByDisplayValue": [Function],
  "findAllByLabelText": [Function],
  "findAllByPlaceholderText": [Function],
  "findAllByRole": [Function],
  "findAllByTestId": [Function],
  "findAllByText": [Function],
  "findAllByTitle": [Function],
  "findByAltText": [Function],
  "findByDisplayValue": [Function],
  "findByLabelText": [Function],
  "findByPlaceholderText": [Function],
  "findByRole": [Function],
  "findByTestId": [Function],
  "findByText": [Function],
  "findByTitle": [Function],
  "getAllByAltText": [Function],
  "getAllByDisplayValue": [Function],
  "getAllByLabelText": [Function],
  "getAllByPlaceholderText": [Function],
  "getAllByRole": [Function],
  "getAllByTestId": [Function],
  "getAllByText": [Function],
  "getAllByTitle": [Function],
  "getByAltText": [Function],
  "getByDisplayValue": [Function],
  "getByLabelText": [Function],
  "getByPlaceholderText": [Function],
  "getByRole": [Function],
  "getByTestId": [Function],
  "getByText": [Function],
  "getByTitle": [Function],
  "queryAllByAltText": [Function],
  "queryAllByDisplayValue": [Function],
  "queryAllByLabelText": [Function],
  "queryAllByPlaceholderText": [Function],
  "queryAllByRole": [Function],
  "queryAllByTestId": [Function],
  "queryAllByText": [Function],
  "queryAllByTitle": [Function],
  "queryByAltText": [Function],
  "queryByDisplayValue": [Function],
  "queryByLabelText": [Function],
  "queryByPlaceholderText": [Function],
  "queryByRole": [Function],
  "queryByTestId": [Function],
  "queryByText": [Function],
  "queryByTitle": [Function],
  "rerender": [Function],
  "unmount": [Function],
}
`;
