// Vitest Snapshot v1, https://vitest.dev/guide/snapshot.html

exports[`Welcome Modal > matches snapshot 1`] = `
{
  "asFragment": [Function],
  "baseElement": <body>
    <div>
      <div
        class="modal fade show"
        data-bs-backdrop="static"
        data-bs-keyboard="false"
        role="dialog"
        style="display: block;"
        tabindex="-1"
      >
        <div
          class="modal-dialog "
        >
          <div
            class="modal-content welcome-modal__content"
          >
            <div
              class="modal-header"
            >
              <h5
                class="modal-title"
              >
                Welcome to Memorize!
              </h5>
            </div>
            <div
              class="modal-body welcome-modal__body"
            >
              <p>
                To ensure a better experience, please write your name in the field below:
              </p>
              <form
                aria-label="form"
                data-testid="form-input"
              >
                <div
                  class="mb-3"
                >
                  <label
                    class="form-label"
                    for="fullName"
                  >
                    Full name
                  </label>
                  <input
                    aria-describedby="emailHelp"
                    aria-label="data-input"
                    class="form-control"
                    data-testid="name-input"
                    id="fullName"
                    name="fullName"
                    type="text"
                  />
                </div>
              </form>
            </div>
            <div
              class="modal-footer welcome-modal__footer"
            >
              <button
                class="btn btn-primary welcome-modal__footer__button"
                data-testid="save-button"
                disabled=""
                type="button"
              >
                Save name
              </button>
            </div>
          </div>
        </div>
      </div>
      <div
        class="modal-backdrop fade show"
        style="display: block;"
      />
    </div>
  </body>,
  "container": <div>
    <div
      class="modal fade show"
      data-bs-backdrop="static"
      data-bs-keyboard="false"
      role="dialog"
      style="display: block;"
      tabindex="-1"
    >
      <div
        class="modal-dialog "
      >
        <div
          class="modal-content welcome-modal__content"
        >
          <div
            class="modal-header"
          >
            <h5
              class="modal-title"
            >
              Welcome to Memorize!
            </h5>
          </div>
          <div
            class="modal-body welcome-modal__body"
          >
            <p>
              To ensure a better experience, please write your name in the field below:
            </p>
            <form
              aria-label="form"
              data-testid="form-input"
            >
              <div
                class="mb-3"
              >
                <label
                  class="form-label"
                  for="fullName"
                >
                  Full name
                </label>
                <input
                  aria-describedby="emailHelp"
                  aria-label="data-input"
                  class="form-control"
                  data-testid="name-input"
                  id="fullName"
                  name="fullName"
                  type="text"
                />
              </div>
            </form>
          </div>
          <div
            class="modal-footer welcome-modal__footer"
          >
            <button
              class="btn btn-primary welcome-modal__footer__button"
              data-testid="save-button"
              disabled=""
              type="button"
            >
              Save name
            </button>
          </div>
        </div>
      </div>
    </div>
    <div
      class="modal-backdrop fade show"
      style="display: block;"
    />
  </div>,
  "debug": [Function],
  "findAllByAltText": [Function],
  "findAllByDisplayValue": [Function],
  "findAllByLabelText": [Function],
  "findAllByPlaceholderText": [Function],
  "findAllByRole": [Function],
  "findAllByTestId": [Function],
  "findAllByText": [Function],
  "findAllByTitle": [Function],
  "findByAltText": [Function],
  "findByDisplayValue": [Function],
  "findByLabelText": [Function],
  "findByPlaceholderText": [Function],
  "findByRole": [Function],
  "findByTestId": [Function],
  "findByText": [Function],
  "findByTitle": [Function],
  "getAllByAltText": [Function],
  "getAllByDisplayValue": [Function],
  "getAllByLabelText": [Function],
  "getAllByPlaceholderText": [Function],
  "getAllByRole": [Function],
  "getAllByTestId": [Function],
  "getAllByText": [Function],
  "getAllByTitle": [Function],
  "getByAltText": [Function],
  "getByDisplayValue": [Function],
  "getByLabelText": [Function],
  "getByPlaceholderText": [Function],
  "getByRole": [Function],
  "getByTestId": [Function],
  "getByText": [Function],
  "getByTitle": [Function],
  "queryAllByAltText": [Function],
  "queryAllByDisplayValue": [Function],
  "queryAllByLabelText": [Function],
  "queryAllByPlaceholderText": [Function],
  "queryAllByRole": [Function],
  "queryAllByTestId": [Function],
  "queryAllByText": [Function],
  "queryAllByTitle": [Function],
  "queryByAltText": [Function],
  "queryByDisplayValue": [Function],
  "queryByLabelText": [Function],
  "queryByPlaceholderText": [Function],
  "queryByRole": [Function],
  "queryByTestId": [Function],
  "queryByText": [Function],
  "queryByTitle": [Function],
  "rerender": [Function],
  "unmount": [Function],
}
`;
